01:21:41 **** Incremental Build of configuration Debug for project 001Led_Toggle ****
make all 
Building file: C:/Users/achliopa/workspace/udemy/embeddedProg/myWork/OpenSTM32Projects/001Led_Toggle/Src/main.c
Invoking: MCU GCC Compiler
C:\Users\achliopa\workspace\udemy\embeddedProg\myWork\OpenSTM32Projects\001Led_Toggle\SW4STM32\001Led_Toggle\Debug
arm-none-eabi-gcc -mcpu=cortex-m4 -mthumb -mfloat-abi=hard -mfpu=fpv4-sp-d16 '-D__weak=__attribute__((weak))' '-D__packed=__attribute__((__packed__))' -DUSE_HAL_DRIVER -DSTM32F446xx -I"C:/Users/achliopa/workspace/udemy/embeddedProg/myWork/OpenSTM32Projects/001Led_Toggle/Inc" -I"C:/Users/achliopa/workspace/udemy/embeddedProg/myWork/OpenSTM32Projects/001Led_Toggle/Drivers/STM32F4xx_HAL_Driver/Inc" -I"C:/Users/achliopa/workspace/udemy/embeddedProg/myWork/OpenSTM32Projects/001Led_Toggle/Drivers/STM32F4xx_HAL_Driver/Inc/Legacy" -I"C:/Users/achliopa/workspace/udemy/embeddedProg/myWork/OpenSTM32Projects/001Led_Toggle/Drivers/CMSIS/Device/ST/STM32F4xx/Include" -I"C:/Users/achliopa/workspace/udemy/embeddedProg/myWork/OpenSTM32Projects/001Led_Toggle/Drivers/CMSIS/Include"  -Og -g3 -Wall -fmessage-length=0 -ffunction-sections -c -fmessage-length=0 -MMD -MP -MF"Application/User/main.d" -MT"Application/User/main.o" -o "Application/User/main.o" "C:/Users/achliopa/workspace/udemy/embeddedProg/myWork/OpenSTM32Projects/001Led_Toggle/Src/main.c"
Finished building: C:/Users/achliopa/workspace/udemy/embeddedProg/myWork/OpenSTM32Projects/001Led_Toggle/Src/main.c
 
Building target: 001Led_Toggle.elf
Invoking: MCU GCC Linker
arm-none-eabi-gcc -mcpu=cortex-m4 -mthumb -mfloat-abi=hard -mfpu=fpv4-sp-d16 -specs=nosys.specs -specs=nano.specs -T"../STM32F446RETx_FLASH.ld" -Wl,-Map=output.map -Wl,--gc-sections -o "001Led_Toggle.elf" @"objects.list"   -lm
Finished building target: 001Led_Toggle.elf
 
make --no-print-directory post-build
Generating hex and Printing size information:
arm-none-eabi-objcopy -O ihex "001Led_Toggle.elf" "001Led_Toggle.hex"
arm-none-eabi-size "001Led_Toggle.elf"
   text	   data	    bss	    dec	    hex	filename
   5744	     20	   1636	   7400	   1ce8	001Led_Toggle.elf
 

01:21:44 Build Finished (took 3s.376ms)

